%!Adobe-FontList 1.23
%Locale:0x409

%BeginFont
Handler:DirectoryHandler
FontType:Invalid
OutlineFileName:/Users/strangepractice/Desktop/michael-cd-jacket Folder/Document fonts/AdobeFnt23.lst
FileLength:1422
FileModTime:669736220
%EndFont

%BeginFont
Handler:DirectoryHandler
FontType:Type1
FontName:BundesbahnPi-Three
FamilyName:Bundesbahn Pi
StyleName:3
MenuName:BundesbahnPi 3
StyleBits:0
WeightClass:400
WidthClass:5
AngleClass:0
FullName:Bundesbahn Pi 3
WritingScript:Roman
OutlineFileName:/Users/strangepractice/Desktop/michael-cd-jacket Folder/Document fonts/BundePiThr
DataFormat:POSTResource
UsesStandardEncoding:no
isCFF:no
hasSVG:no
VariableFontType:NonVariableFont
FileLength:13004
DesignSize:-1
%EndFont

%BeginFont
Handler:DirectoryHandler
FontType:Suitcase
FontName:BundesbahnPi-Three
OutlineFileName:/Users/strangepractice/Desktop/michael-cd-jacket Folder/Document fonts/Bundesbahn Pi .suit
ResourceID:8807
MacStyle:0
FileLength:12143
FileModTime:66089577
%EndFont

%BeginFont
Handler:DirectoryHandler
FontType:Type1
FontName:HelveticaNowText-Regular
FamilyName:Helvetica Now Text
StyleName:Regular
MenuName:Helvetica Now Text
StyleBits:0
WeightClass:400
WidthClass:5
AngleClass:0
FullName:Helvetica Now Text
WritingScript:Roman
OutlineFileName:/Users/strangepractice/Desktop/michael-cd-jacket Folder/Document fonts/Monotype - Helvetica Now Text.otf
DataFormat:sfntData
UsesStandardEncoding:yes
isCFF:yes
hasSVG:no
VariableFontType:NonVariableFont
FileLength:95904
FileModTime:645060374
NameArray:0,Mac,4,Helvetica Now Text
NameArray:0,Win,1,Helvetica Now Text
NameArray:0,Win,16,Helvetica Now Text
%EndFont

